
# Contents of "J2SE v1.4.2 Win32 AWT for JCGO" binary redistributive pack.

bin\JdbcOdbc.dll
bin\awt.dll
bin\cmm.dll
bin\dcpr.dll
bin\fontmanager.dll
bin\jawt.dll
bin\jpeg.dll
bin\jsound.dll

# these files are JCGO-specific
bin\gc.dll
bin\java.dll
bin\jcgon.dll
bin\jvm.dll

lib\audio\soundbank.gm

lib\cmm\CIEXYZ.pf
lib\cmm\GRAY.pf
lib\cmm\LINEAR_RGB.pf
lib\cmm\PYCC.pf
lib\cmm\sRGB.pf

lib\fonts\LucidaBrightDemiBold.ttf
lib\fonts\LucidaBrightDemiItalic.ttf
lib\fonts\LucidaBrightItalic.ttf
lib\fonts\LucidaBrightRegular.ttf
lib\fonts\LucidaSansDemiBold.ttf
lib\fonts\LucidaSansRegular.ttf
lib\fonts\LucidaTypewriterBold.ttf
lib\fonts\LucidaTypewriterRegular.ttf

lib\images\cursors\cursors.properties
lib\images\cursors\invalid32x32.gif
lib\images\cursors\win32_CopyDrop32x32.gif
lib\images\cursors\win32_CopyNoDrop32x32.gif
lib\images\cursors\win32_LinkDrop32x32.gif
lib\images\cursors\win32_LinkNoDrop32x32.gif
lib\images\cursors\win32_MoveDrop32x32.gif
lib\images\cursors\win32_MoveNoDrop32x32.gif

lib\flavormap.properties
lib\font.properties
lib\psfontj2d.properties

lib\font.properties.CP1250
lib\font.properties.CP1251
lib\font.properties.CP1253
lib\font.properties.CP1254
lib\font.properties.CP1256
lib\font.properties.CP1257

# this file is JCGO-specific
lib\rt.jar
