
# Contents list of "lib\rt.jar" file of
# "J2SE v1.4.2 Win32/X11 AWT for JCGO" binary redistributive packs.

# this Jar entry is created automatically by "jar" tool
META-INF/MANIFEST.MF

# this file is JCGO-specific (contains only comments)
META-INF/services/javax.print.PrintServiceLookup

META-INF/services/javax.print.StreamPrintServiceFactory
META-INF/services/javax.sound.midi.spi.MidiDeviceProvider
META-INF/services/javax.sound.midi.spi.MidiFileReader
META-INF/services/javax.sound.midi.spi.MidiFileWriter
META-INF/services/javax.sound.midi.spi.SoundbankReader
META-INF/services/javax.sound.sampled.spi.AudioFileReader
META-INF/services/javax.sound.sampled.spi.AudioFileWriter
META-INF/services/javax.sound.sampled.spi.FormatConversionProvider

# this file is JCGO-specific (contains same entries as on Linux)
META-INF/services/javax.sound.sampled.spi.MixerProvider

com/sun/java/swing/plaf/gtk/resources/gtk-cancel-gtk-button.png
com/sun/java/swing/plaf/gtk/resources/gtk-dialog-error-gtk-dialog.png
com/sun/java/swing/plaf/gtk/resources/gtk-dialog-info-gtk-dialog.png
com/sun/java/swing/plaf/gtk/resources/gtk-dialog-question-gtk-dialog.png
com/sun/java/swing/plaf/gtk/resources/gtk-dialog-warning-gtk-dialog.png
com/sun/java/swing/plaf/gtk/resources/gtk-no-gtk-button.png
com/sun/java/swing/plaf/gtk/resources/gtk-ok-gtk-button.png
com/sun/java/swing/plaf/gtk/resources/gtk-yes-gtk-button.png

com/sun/java/swing/plaf/gtk/resources/metacity/active-bottom-left-border.png
com/sun/java/swing/plaf/gtk/resources/metacity/active-bottom-left-corner.png
com/sun/java/swing/plaf/gtk/resources/metacity/active-bottom-mid-left-border.png
com/sun/java/swing/plaf/gtk/resources/metacity/active-bottom-mid-right-border.png
com/sun/java/swing/plaf/gtk/resources/metacity/active-bottom-right-border.png
com/sun/java/swing/plaf/gtk/resources/metacity/active-bottom-right-corner.png
com/sun/java/swing/plaf/gtk/resources/metacity/active-button-prelight.png
com/sun/java/swing/plaf/gtk/resources/metacity/active-button-pressed.png
com/sun/java/swing/plaf/gtk/resources/metacity/active-button.png
com/sun/java/swing/plaf/gtk/resources/metacity/active-close-button.png
com/sun/java/swing/plaf/gtk/resources/metacity/active-left-border.png
com/sun/java/swing/plaf/gtk/resources/metacity/active-left-top-border.png
com/sun/java/swing/plaf/gtk/resources/metacity/active-maximize-button.png
com/sun/java/swing/plaf/gtk/resources/metacity/active-menu-button-prelight.png
com/sun/java/swing/plaf/gtk/resources/metacity/active-menu-button-pressed.png
com/sun/java/swing/plaf/gtk/resources/metacity/active-menu-button.png
com/sun/java/swing/plaf/gtk/resources/metacity/active-minimize-button.png
com/sun/java/swing/plaf/gtk/resources/metacity/active-right-border.png
com/sun/java/swing/plaf/gtk/resources/metacity/active-right-top-border.png
com/sun/java/swing/plaf/gtk/resources/metacity/active-top-center-left.png
com/sun/java/swing/plaf/gtk/resources/metacity/active-top-center-mid-left.png
com/sun/java/swing/plaf/gtk/resources/metacity/active-top-center-mid-right.png
com/sun/java/swing/plaf/gtk/resources/metacity/active-top-center-right.png
com/sun/java/swing/plaf/gtk/resources/metacity/active-top-left-corner.png
com/sun/java/swing/plaf/gtk/resources/metacity/active-top-right-border.png
com/sun/java/swing/plaf/gtk/resources/metacity/active-top-right-corner.png

com/sun/java/swing/plaf/motif/icons/DesktopIcon.gif
com/sun/java/swing/plaf/motif/icons/Error.gif
com/sun/java/swing/plaf/motif/icons/Inform.gif
com/sun/java/swing/plaf/motif/icons/Question.gif
com/sun/java/swing/plaf/motif/icons/ScrollDownArrow.gif
com/sun/java/swing/plaf/motif/icons/ScrollDownArrowActive.gif
com/sun/java/swing/plaf/motif/icons/ScrollKnobH.gif
com/sun/java/swing/plaf/motif/icons/ScrollLeftArrow.gif
com/sun/java/swing/plaf/motif/icons/ScrollLeftArrowActive.gif
com/sun/java/swing/plaf/motif/icons/ScrollRightArrow.gif
com/sun/java/swing/plaf/motif/icons/ScrollRightArrowActive.gif
com/sun/java/swing/plaf/motif/icons/ScrollUpArrow.gif
com/sun/java/swing/plaf/motif/icons/ScrollUpArrowActive.gif
com/sun/java/swing/plaf/motif/icons/StandardBackground.gif
com/sun/java/swing/plaf/motif/icons/TrayBottom.gif
com/sun/java/swing/plaf/motif/icons/TrayLeft.gif
com/sun/java/swing/plaf/motif/icons/TrayRight.gif
com/sun/java/swing/plaf/motif/icons/TrayTop.gif
com/sun/java/swing/plaf/motif/icons/TreeClosed.gif
com/sun/java/swing/plaf/motif/icons/TreeOpen.gif
com/sun/java/swing/plaf/motif/icons/Warn.gif

com/sun/java/swing/plaf/windows/icons/Computer.gif
com/sun/java/swing/plaf/windows/icons/DetailsView.gif
com/sun/java/swing/plaf/windows/icons/Directory.gif
com/sun/java/swing/plaf/windows/icons/Error.gif
com/sun/java/swing/plaf/windows/icons/File.gif
com/sun/java/swing/plaf/windows/icons/FloppyDrive.gif
com/sun/java/swing/plaf/windows/icons/HardDrive.gif
com/sun/java/swing/plaf/windows/icons/HomeFolder.gif
com/sun/java/swing/plaf/windows/icons/Inform.gif
com/sun/java/swing/plaf/windows/icons/JavaCup.gif
com/sun/java/swing/plaf/windows/icons/ListView.gif
com/sun/java/swing/plaf/windows/icons/NewFolder.gif
com/sun/java/swing/plaf/windows/icons/Question.gif
com/sun/java/swing/plaf/windows/icons/StandardBackground.gif
com/sun/java/swing/plaf/windows/icons/TreeClosed.gif
com/sun/java/swing/plaf/windows/icons/TreeLeaf.gif
com/sun/java/swing/plaf/windows/icons/TreeOpen.gif
com/sun/java/swing/plaf/windows/icons/UpFolder.gif
com/sun/java/swing/plaf/windows/icons/Warn.gif

javax/swing/plaf/metal/icons/Error.gif
javax/swing/plaf/metal/icons/Inform.gif
javax/swing/plaf/metal/icons/Question.gif
javax/swing/plaf/metal/icons/Warn.gif

javax/swing/plaf/metal/sounds/FrameClose.wav
javax/swing/plaf/metal/sounds/FrameMaximize.wav
javax/swing/plaf/metal/sounds/FrameMinimize.wav
javax/swing/plaf/metal/sounds/FrameRestoreDown.wav
javax/swing/plaf/metal/sounds/FrameRestoreUp.wav
javax/swing/plaf/metal/sounds/MenuItemCommand.wav
javax/swing/plaf/metal/sounds/OptionPaneError.wav
javax/swing/plaf/metal/sounds/OptionPaneInformation.wav
javax/swing/plaf/metal/sounds/OptionPaneQuestion.wav
javax/swing/plaf/metal/sounds/OptionPaneWarning.wav
javax/swing/plaf/metal/sounds/PopupMenuPopup.wav

javax/swing/text/html/default.css

javax/swing/text/html/icons/image-delayed.gif
javax/swing/text/html/icons/image-failed.gif

javax/swing/text/html/parser/html32.bdtd

javax/swing/text/rtf/charsets/NeXT.txt
javax/swing/text/rtf/charsets/ansi.txt
javax/swing/text/rtf/charsets/cpg437.txt
javax/swing/text/rtf/charsets/cpg850.txt
javax/swing/text/rtf/charsets/mac.txt

org/apache/crimson/parser/resources/Messages.properties

org/apache/crimson/tree/resources/Messages.properties

org/apache/xalan/res/XSLTInfo.properties

org/apache/xalan/serialize/Encodings.properties
org/apache/xalan/serialize/HTMLEntities.res
org/apache/xalan/serialize/XMLEntities.res
org/apache/xalan/serialize/serializer.properties

org/apache/xalan/templates/output_html.properties
org/apache/xalan/templates/output_text.properties
org/apache/xalan/templates/output_xml.properties

sun/awt/print/resources/orientLandscape.gif
sun/awt/print/resources/orientPortrait.gif

sun/awt/windows/font.properties.checksums

sun/print/resources/duplex.gif
sun/print/resources/oneside.gif
sun/print/resources/orientLandscape.gif
sun/print/resources/orientPortrait.gif
sun/print/resources/orientRevLandscape.gif
sun/print/resources/orientRevPortrait.gif
sun/print/resources/tumble.gif
